<?xml version="1.0" encoding="utf-8"?><testsuites><testsuite name="pytest" errors="0" failures="0" skipped="0" tests="4" time="293.169" timestamp="2023-10-04T01:30:07.892089" hostname="DESKTOP-UQNFM2L"><testcase classname="tests.model.test_model.TestModel" name="test_model_fit" time="73.341" /><testcase classname="tests.model.test_model.TestModel" name="test_model_predict" time="72.632" /><testcase classname="tests.model.test_model.TestModel" name="test_model_preprocess_for_serving" time="71.940" /><testcase classname="tests.model.test_model.TestModel" name="test_model_preprocess_for_training" time="71.320" /></testsuite></testsuites>